GAMS 29.1.0  rbb4180b Released Nov 15, 2019 WEX-WEI x86 64bit/MS Windows                                                                                                                                                              10/07/20 18:16:14 Page 11
G e n e r a l   A l g e b r a i c   M o d e l i n g   S y s t e m
C o m p i l a t i o n


 349   
 350                          qS.fx[n]$(out[n]) = qS.l[n];
 351                          qD.fx[n]$(inp[n]) = qD.l[n];
 352                          mu.lo[n,nn]$(map_all[n,nn] and (inp[n] or out[n])) = 0;
 353                          mu.up[n,nn]$(map_all[n,nn] and (inp[n] or out[n])) = inf;
 354                          PbT.fx[n]$(out[n]) = PbT.l[n];
 355                          mu.fx[n,nn]$(exo_mu[n,nn]) = mu.l[n,nn];
 356                          PbT.lo[n]$(endo_PbT[n]) = -inf;
 357                          PbT.up[n]$(endo_PbT[n]) = inf;
 358                          solve test using CNS;


COMPILATION TIME     =        0.000 SECONDS      3 MB  29.1.0 rbb4180b WEX-WEI
GAMS 29.1.0  rbb4180b Released Nov 15, 2019 WEX-WEI x86 64bit/MS Windows                                                                                                                                                              10/07/20 18:16:14 Page 12
G e n e r a l   A l g e b r a i c   M o d e l i n g   S y s t e m
Model Statistics    SOLVE test Using CNS From line 358


MODEL STATISTICS

BLOCKS OF EQUATIONS           9     SINGLE EQUATIONS           12
BLOCKS OF VARIABLES           7     SINGLE VARIABLES           30
NON ZERO ELEMENTS            72     NON LINEAR N-Z             60
DERIVATIVE POOL              20     CONSTANT POOL              16
CODE LENGTH                 157
SINGLE =E|X= EQUS            12     SINGLE UNFIXED VARS        12


GENERATION TIME      =        0.016 SECONDS      4 MB  29.1.0 rbb4180b WEX-WEI


EXECUTION TIME       =        0.016 SECONDS      4 MB  29.1.0 rbb4180b WEX-WEI
GAMS 29.1.0  rbb4180b Released Nov 15, 2019 WEX-WEI x86 64bit/MS Windows                                                                                                                                                              10/07/20 18:16:14 Page 13
G e n e r a l   A l g e b r a i c   M o d e l i n g   S y s t e m
Solution Report     SOLVE test Using CNS From line 358


               S O L V E      S U M M A R Y

     MODEL   test                
     TYPE    CNS                 
     SOLVER  CONOPT4             FROM LINE  358

**** SOLVER STATUS     1 Normal Completion         
**** MODEL STATUS      16 Solved                   

 RESOURCE USAGE, LIMIT          0.015      1000.000
 ITERATION COUNT, LIMIT         1    2000000000
 EVALUATION ERRORS              0             0

CONOPT 4         29.1.0 rbb4180b Released Nov 15, 2019 WEI x86 64bit/MS Window
 
 
    C O N O P T   version 4.15
    Copyright (C) ARKI Consulting and Development A/S
                  Bagsvaerdvej 246 A
                  DK-2880 Bagsvaerd, Denmark
    Licensed to:  GAMS/CONOPT OEM License
 
 
    The user model has 12 constraints and 30 variables
    with 72 Jacobian elements, 60 of which are nonlinear.
 
    The pre-triangular part of the model has 0 constraints and 18 variables.
 
    Preprocessed model has 12 constraints and 12 variables
    with 38 Jacobian elements, 32 of which are nonlinear.
 
 ** Feasible solution to a square system.
 
 
 CONOPT time Total                            0.002 seconds
   of which: Function evaluations             0.000 =  0.0%
             1st Derivative evaluations       0.001 = 50.0%
 


**** REPORT SUMMARY :        0 INFEASIBLE
                             0  DEPENDENT
                             0     ERRORS


EXECUTION TIME       =        0.000 SECONDS      2 MB  29.1.0 rbb4180b WEX-WEI
GAMS 29.1.0  rbb4180b Released Nov 15, 2019 WEX-WEI x86 64bit/MS Windows                                                                                                                                                              10/07/20 18:16:14 Page 14
G e n e r a l   A l g e b r a i c   M o d e l i n g   S y s t e m
Solution Report     SOLVE test Using CNS From line 358


USER: Medium MUD - 10 User License                   G200108/0001CA-WIN
      DREAM, Danish Rational Economic Agents Model                DC620


**** FILE SUMMARY

Restart    C:\Users\sxj477\Documents\GitHub\GamsPythonModels\work_folder\_gams_py_gcp0.g00
Input      C:\Users\sxj477\Documents\GitHub\GamsPythonModels\work_folder\_gams_py_gjo0.gms
Output     C:\Users\sxj477\Documents\GitHub\GamsPythonModels\work_folder\_gams_py_gjo0.lst
Save       C:\Users\sxj477\Documents\GitHub\GamsPythonModels\work_folder\_gams_py_gcp0.g0?

**** WARNING - COMPILER OPTIONS ARE NON DEFAULT     EOLCOM # 
